// Jest Snapshot v1, https://goo.gl/fbAQLP

exports[`should render Item component 1`] = `
<View
  style={
    {
      "alignItems": "center",
      "flexDirection": "row",
      "paddingBottom": 15,
    }
  }
>
  <RCTSwitch
    accessibilityRole="switch"
    onChange={[Function]}
    onResponderTerminationRequest={[Function]}
    onStartShouldSetResponder={[Function]}
    style={
      [
        {
          "height": 31,
          "width": 51,
        },
        {
          "marginRight": 10,
        },
      ]
    }
    testID="toggleItem 01"
    value={false}
  />
  <Text
    ellipsizeMode="tail"
    numberOfLines={2}
    style={
      {
        "flex": 1,
        "flexWrap": "wrap",
      }
    }
  >
    Item 01
  </Text>
  <View
    accessible={true}
    collapsable={false}
    focusable={true}
    onClick={[Function]}
    onResponderGrant={[Function]}
    onResponderMove={[Function]}
    onResponderRelease={[Function]}
    onResponderTerminate={[Function]}
    onResponderTerminationRequest={[Function]}
    onStartShouldSetResponder={[Function]}
    style={
      {
        "borderColor": "#000000",
        "borderWidth": 1,
        "opacity": 1,
        "paddingHorizontal": 25,
        "paddingVertical": 10,
      }
    }
    testID="removeItem 01"
  >
    <Text>
      x
    </Text>
  </View>
</View>
`;
